Archive member included to satisfy reference by file (symbol)

c:/st/stm32cubeide_1.12.0/stm32cubeide/plugins/com.st.stm32cube.ide.mcu.externaltools.gnu-tools-for-stm32.10.3-2021.10.win32_1.0.200.202301161003/tools/bin/../lib/gcc/arm-none-eabi/10.3.1/../../../../arm-none-eabi/lib/thumb/v7-m/nofp\libstdc++_nano.a(del_ops.o)
                              ./ASW/DE/Src/BUTTON_Proxy.o (operator delete(void*, unsigned int))
c:/st/stm32cubeide_1.12.0/stm32cubeide/plugins/com.st.stm32cube.ide.mcu.externaltools.gnu-tools-for-stm32.10.3-2021.10.win32_1.0.200.202301161003/tools/bin/../lib/gcc/arm-none-eabi/10.3.1/../../../../arm-none-eabi/lib/thumb/v7-m/nofp\libstdc++_nano.a(del_op.o)
                              c:/st/stm32cubeide_1.12.0/stm32cubeide/plugins/com.st.stm32cube.ide.mcu.externaltools.gnu-tools-for-stm32.10.3-2021.10.win32_1.0.200.202301161003/tools/bin/../lib/gcc/arm-none-eabi/10.3.1/../../../../arm-none-eabi/lib/thumb/v7-m/nofp\libstdc++_nano.a(del_ops.o) (operator delete(void*))
c:/st/stm32cubeide_1.12.0/stm32cubeide/plugins/com.st.stm32cube.ide.mcu.externaltools.gnu-tools-for-stm32.10.3-2021.10.win32_1.0.200.202301161003/tools/bin/../lib/gcc/arm-none-eabi/10.3.1/../../../../arm-none-eabi/lib/thumb/v7-m/nofp\libc_nano.a(lib_a-errno.o)
                              ./Core/Src/syscalls.o (__errno)
c:/st/stm32cubeide_1.12.0/stm32cubeide/plugins/com.st.stm32cube.ide.mcu.externaltools.gnu-tools-for-stm32.10.3-2021.10.win32_1.0.200.202301161003/tools/bin/../lib/gcc/arm-none-eabi/10.3.1/../../../../arm-none-eabi/lib/thumb/v7-m/nofp\libc_nano.a(lib_a-exit.o)
                              c:/st/stm32cubeide_1.12.0/stm32cubeide/plugins/com.st.stm32cube.ide.mcu.externaltools.gnu-tools-for-stm32.10.3-2021.10.win32_1.0.200.202301161003/tools/bin/../lib/gcc/arm-none-eabi/10.3.1/../../../../arm-none-eabi/lib/thumb/v7-m/nofp/crt0.o (exit)
c:/st/stm32cubeide_1.12.0/stm32cubeide/plugins/com.st.stm32cube.ide.mcu.externaltools.gnu-tools-for-stm32.10.3-2021.10.win32_1.0.200.202301161003/tools/bin/../lib/gcc/arm-none-eabi/10.3.1/../../../../arm-none-eabi/lib/thumb/v7-m/nofp\libc_nano.a(lib_a-impure.o)
                              c:/st/stm32cubeide_1.12.0/stm32cubeide/plugins/com.st.stm32cube.ide.mcu.externaltools.gnu-tools-for-stm32.10.3-2021.10.win32_1.0.200.202301161003/tools/bin/../lib/gcc/arm-none-eabi/10.3.1/../../../../arm-none-eabi/lib/thumb/v7-m/nofp\libc_nano.a(lib_a-exit.o) (_global_impure_ptr)
c:/st/stm32cubeide_1.12.0/stm32cubeide/plugins/com.st.stm32cube.ide.mcu.externaltools.gnu-tools-for-stm32.10.3-2021.10.win32_1.0.200.202301161003/tools/bin/../lib/gcc/arm-none-eabi/10.3.1/../../../../arm-none-eabi/lib/thumb/v7-m/nofp\libc_nano.a(lib_a-init.o)
                              c:/st/stm32cubeide_1.12.0/stm32cubeide/plugins/com.st.stm32cube.ide.mcu.externaltools.gnu-tools-for-stm32.10.3-2021.10.win32_1.0.200.202301161003/tools/bin/../lib/gcc/arm-none-eabi/10.3.1/../../../../arm-none-eabi/lib/thumb/v7-m/nofp/crt0.o (__libc_init_array)
c:/st/stm32cubeide_1.12.0/stm32cubeide/plugins/com.st.stm32cube.ide.mcu.externaltools.gnu-tools-for-stm32.10.3-2021.10.win32_1.0.200.202301161003/tools/bin/../lib/gcc/arm-none-eabi/10.3.1/../../../../arm-none-eabi/lib/thumb/v7-m/nofp\libc_nano.a(lib_a-malloc.o)
                              c:/st/stm32cubeide_1.12.0/stm32cubeide/plugins/com.st.stm32cube.ide.mcu.externaltools.gnu-tools-for-stm32.10.3-2021.10.win32_1.0.200.202301161003/tools/bin/../lib/gcc/arm-none-eabi/10.3.1/../../../../arm-none-eabi/lib/thumb/v7-m/nofp\libstdc++_nano.a(del_op.o) (free)
c:/st/stm32cubeide_1.12.0/stm32cubeide/plugins/com.st.stm32cube.ide.mcu.externaltools.gnu-tools-for-stm32.10.3-2021.10.win32_1.0.200.202301161003/tools/bin/../lib/gcc/arm-none-eabi/10.3.1/../../../../arm-none-eabi/lib/thumb/v7-m/nofp\libc_nano.a(lib_a-memset.o)
                              c:/st/stm32cubeide_1.12.0/stm32cubeide/plugins/com.st.stm32cube.ide.mcu.externaltools.gnu-tools-for-stm32.10.3-2021.10.win32_1.0.200.202301161003/tools/bin/../lib/gcc/arm-none-eabi/10.3.1/../../../../arm-none-eabi/lib/thumb/v7-m/nofp/crt0.o (memset)
c:/st/stm32cubeide_1.12.0/stm32cubeide/plugins/com.st.stm32cube.ide.mcu.externaltools.gnu-tools-for-stm32.10.3-2021.10.win32_1.0.200.202301161003/tools/bin/../lib/gcc/arm-none-eabi/10.3.1/../../../../arm-none-eabi/lib/thumb/v7-m/nofp\libc_nano.a(lib_a-nano-freer.o)
                              c:/st/stm32cubeide_1.12.0/stm32cubeide/plugins/com.st.stm32cube.ide.mcu.externaltools.gnu-tools-for-stm32.10.3-2021.10.win32_1.0.200.202301161003/tools/bin/../lib/gcc/arm-none-eabi/10.3.1/../../../../arm-none-eabi/lib/thumb/v7-m/nofp\libc_nano.a(lib_a-malloc.o) (_free_r)
c:/st/stm32cubeide_1.12.0/stm32cubeide/plugins/com.st.stm32cube.ide.mcu.externaltools.gnu-tools-for-stm32.10.3-2021.10.win32_1.0.200.202301161003/tools/bin/../lib/gcc/arm-none-eabi/10.3.1/../../../../arm-none-eabi/lib/thumb/v7-m/nofp\libc_nano.a(lib_a-nano-mallocr.o)
[...]
Memory Configuration

Name             Origin             Length             Attributes
RAM              0x0000000020000000 0x0000000000005000 xrw
FLASH            0x0000000008000000 0x0000000000010000 xr
*default*        0x0000000000000000 0xffffffffffffffff

Linker script and memory map

LOAD c:/st/stm32cubeide_1.12.0/stm32cubeide/plugins/com.st.stm32cube.ide.mcu.externaltools.gnu-tools-for-stm32.10.3-2021.10.win32_1.0.200.202301161003/tools/bin/../lib/gcc/arm-none-eabi/10.3.1/thumb/v7-m/nofp/crti.o
LOAD c:/st/stm32cubeide_1.12.0/stm32cubeide/plugins/com.st.stm32cube.ide.mcu.externaltools.gnu-tools-for-stm32.10.3-2021.10.win32_1.0.200.202301161003/tools/bin/../lib/gcc/arm-none-eabi/10.3.1/thumb/v7-m/nofp/crtbegin.o
LOAD c:/st/stm32cubeide_1.12.0/stm32cubeide/plugins/com.st.stm32cube.ide.mcu.externaltools.gnu-tools-for-stm32.10.3-2021.10.win32_1.0.200.202301161003/tools/bin/../lib/gcc/arm-none-eabi/10.3.1/../../../../arm-none-eabi/lib/thumb/v7-m/nofp/crt0.o
LOAD ./ASW/APPs/Src/main.o
LOAD ./ASW/DE/Src/Action.o
LOAD ./ASW/DE/Src/BUTTON_Proxy.o
LOAD ./ASW/DE/Src/BUTTON_Singleton_Sample.o
LOAD ./ASW/DE/Src/GraspingManipulator.o
LOAD ./ASW/DE/Src/LED_Proxy.o
LOAD ./ASW/DE/Src/LED_Singleton_Sample.o
LOAD ./ASW/DE/Src/RobotArmManager.o
LOAD ./ASW/DE/Src/RotatingArmJoint.o
LOAD ./ASW/DE/Src/SlidingArmJoint.o
LOAD ./BSW/Src/BSW_DIO.o
LOAD ./Core/Src/ECU_Config.o
LOAD ./Core/Src/stm32f1xx_hal_msp.o
LOAD ./Core/Src/stm32f1xx_it.o
LOAD ./Core/Src/syscalls.o
LOAD ./Core/Src/sysmem.o
LOAD ./Core/Src/system_stm32f1xx.o
LOAD ./Core/Startup/startup_stm32f103c8tx.o
LOAD ./Drivers/STM32F1xx_HAL_Driver/Src/stm32f1xx_hal.o
LOAD ./Drivers/STM32F1xx_HAL_Driver/Src/stm32f1xx_hal_cortex.o
LOAD ./Drivers/STM32F1xx_HAL_Driver/Src/stm32f1xx_hal_dma.o
LOAD ./Drivers/STM32F1xx_HAL_Driver/Src/stm32f1xx_hal_exti.o
LOAD ./Drivers/STM32F1xx_HAL_Driver/Src/stm32f1xx_hal_flash.o
LOAD ./Drivers/STM32F1xx_HAL_Driver/Src/stm32f1xx_hal_flash_ex.o
LOAD ./Drivers/STM32F1xx_HAL_Driver/Src/stm32f1xx_hal_gpio.o
LOAD ./Drivers/STM32F1xx_HAL_Driver/Src/stm32f1xx_hal_gpio_ex.o
LOAD ./Drivers/STM32F1xx_HAL_Driver/Src/stm32f1xx_hal_pwr.o
LOAD ./Drivers/STM32F1xx_HAL_Driver/Src/stm32f1xx_hal_rcc.o
LOAD ./Drivers/STM32F1xx_HAL_Driver/Src/stm32f1xx_hal_rcc_ex.o
LOAD ./RTE/Src/RTE.o
START GROUP
LOAD c:/st/stm32cubeide_1.12.0/stm32cubeide/plugins/com.st.stm32cube.ide.mcu.externaltools.gnu-tools-for-stm32.10.3-2021.10.win32_1.0.200.202301161003/tools/bin/../lib/gcc/arm-none-eabi/10.3.1/../../../../arm-none-eabi/lib/thumb/v7-m/nofp\libstdc++_nano.a
LOAD c:/st/stm32cubeide_1.12.0/stm32cubeide/plugins/com.st.stm32cube.ide.mcu.externaltools.gnu-tools-for-stm32.10.3-2021.10.win32_1.0.200.202301161003/tools/bin/../lib/gcc/arm-none-eabi/10.3.1/../../../../arm-none-eabi/lib/thumb/v7-m/nofp\libsupc++_nano.a
END GROUP
LOAD c:/st/stm32cubeide_1.12.0/stm32cubeide/plugins/com.st.stm32cube.ide.mcu.externaltools.gnu-tools-for-stm32.10.3-2021.10.win32_1.0.200.202301161003/tools/bin/../lib/gcc/arm-none-eabi/10.3.1/../../../../arm-none-eabi/lib/thumb/v7-m/nofp\libstdc++_nano.a
LOAD c:/st/stm32cubeide_1.12.0/stm32cubeide/plugins/com.st.stm32cube.ide.mcu.externaltools.gnu-tools-for-stm32.10.3-2021.10.win32_1.0.200.202301161003/tools/bin/../lib/gcc/arm-none-eabi/10.3.1/../../../../arm-none-eabi/lib/thumb/v7-m/nofp\libm.a
LOAD c:/st/stm32cubeide_1.12.0/stm32cubeide/plugins/com.st.stm32cube.ide.mcu.externaltools.gnu-tools-for-stm32.10.3-2021.10.win32_1.0.200.202301161003/tools/bin/../lib/gcc/arm-none-eabi/10.3.1/../../../../arm-none-eabi/lib/thumb/v7-m/nofp\libc_nano.a
START GROUP
LOAD c:/st/stm32cubeide_1.12.0/stm32cubeide/plugins/com.st.stm32cube.ide.mcu.externaltools.gnu-tools-for-stm32.10.3-2021.10.win32_1.0.200.202301161003/tools/bin/../lib/gcc/arm-none-eabi/10.3.1/thumb/v7-m/nofp\libgcc.a
LOAD c:/st/stm32cubeide_1.12.0/stm32cubeide/plugins/com.st.stm32cube.ide.mcu.externaltools.gnu-tools-for-stm32.10.3-2021.10.win32_1.0.200.202301161003/tools/bin/../lib/gcc/arm-none-eabi/10.3.1/../../../../arm-none-eabi/lib/thumb/v7-m/nofp\libc_nano.a
END GROUP
START GROUP
LOAD c:/st/stm32cubeide_1.12.0/stm32cubeide/plugins/com.st.stm32cube.ide.mcu.externaltools.gnu-tools-for-stm32.10.3-2021.10.win32_1.0.200.202301161003/tools/bin/../lib/gcc/arm-none-eabi/10.3.1/thumb/v7-m/nofp\libgcc.a
LOAD c:/st/stm32cubeide_1.12.0/stm32cubeide/plugins/com.st.stm32cube.ide.mcu.externaltools.gnu-tools-for-stm32.10.3-2021.10.win32_1.0.200.202301161003/tools/bin/../lib/gcc/arm-none-eabi/10.3.1/../../../../arm-none-eabi/lib/thumb/v7-m/nofp\libc_nano.a
LOAD c:/st/stm32cubeide_1.12.0/stm32cubeide/plugins/com.st.stm32cube.ide.mcu.externaltools.gnu-tools-for-stm32.10.3-2021.10.win32_1.0.200.202301161003/tools/bin/../lib/gcc/arm-none-eabi/10.3.1/../../../../arm-none-eabi/lib/thumb/v7-m/nofp\libnosys.a
END GROUP
START GROUP
LOAD c:/st/stm32cubeide_1.12.0/stm32cubeide/plugins/com.st.stm32cube.ide.mcu.externaltools.gnu-tools-for-stm32.10.3-2021.10.win32_1.0.200.202301161003/tools/bin/../lib/gcc/arm-none-eabi/10.3.1/thumb/v7-m/nofp\libgcc.a
LOAD c:/st/stm32cubeide_1.12.0/stm32cubeide/plugins/com.st.stm32cube.ide.mcu.externaltools.gnu-tools-for-stm32.10.3-2021.10.win32_1.0.200.202301161003/tools/bin/../lib/gcc/arm-none-eabi/10.3.1/../../../../arm-none-eabi/lib/thumb/v7-m/nofp\libc_nano.a
LOAD c:/st/stm32cubeide_1.12.0/stm32cubeide/plugins/com.st.stm32cube.ide.mcu.externaltools.gnu-tools-for-stm32.10.3-2021.10.win32_1.0.200.202301161003/tools/bin/../lib/gcc/arm-none-eabi/10.3.1/../../../../arm-none-eabi/lib/thumb/v7-m/nofp\libnosys.a
END GROUP
LOAD c:/st/stm32cubeide_1.12.0/stm32cubeide/plugins/com.st.stm32cube.ide.mcu.externaltools.gnu-tools-for-stm32.10.3-2021.10.win32_1.0.200.202301161003/tools/bin/../lib/gcc/arm-none-eabi/10.3.1/thumb/v7-m/nofp/crtend.o
LOAD c:/st/stm32cubeide_1.12.0/stm32cubeide/plugins/com.st.stm32cube.ide.mcu.externaltools.gnu-tools-for-stm32.10.3-2021.10.win32_1.0.200.202301161003/tools/bin/../lib/gcc/arm-none-eabi/10.3.1/thumb/v7-m/nofp/crtn.o
                0x0000000020005000                _estack = (ORIGIN (RAM) + LENGTH (RAM))
                0x0000000000000200                _Min_Heap_Size = 0x200
                0x0000000000000400                _Min_Stack_Size = 0x400

.isr_vector     0x0000000008000000      0x10c
                0x0000000008000000                . = ALIGN (0x4)
 *(.isr_vector)
 .isr_vector    0x0000000008000000      0x10c ./Core/Startup/startup_stm32f103c8tx.o
                0x0000000008000000                g_pfnVectors
                0x000000000800010c                . = ALIGN (0x4)

.text           0x0000000008000110     0x2378
                0x0000000008000110                . = ALIGN (0x4)
 *(.text)
 .text          0x0000000008000110       0x40 c:/st/stm32cubeide_1.12.0/stm32cubeide/plugins/com.st.stm32cube.ide.mcu.externaltools.gnu-tools-for-stm32.10.3-2021.10.win32_1.0.200.202301161003/tools/bin/../lib/gcc/arm-none-eabi/10.3.1/thumb/v7-m/nofp/crtbegin.o
 .text          0x0000000008000150      0x378 c:/st/stm32cubeide_1.12.0/stm32cubeide/plugins/com.st.stm32cube.ide.mcu.externaltools.gnu-tools-for-stm32.10.3-2021.10.win32_1.0.200.202301161003/tools/bin/../lib/gcc/arm-none-eabi/10.3.1/thumb/v7-m/nofp\libgcc.a(_arm_addsubdf3.o)
                0x0000000008000150                __aeabi_drsub
                0x0000000008000158                __aeabi_dsub
                0x0000000008000158                __subdf3
                0x000000000800015c                __aeabi_dadd
                0x000000000800015c                __adddf3
                0x00000000080003d4                __floatunsidf
                0x00000000080003d4                __aeabi_ui2d
                0x00000000080003f4                __floatsidf
                0x00000000080003f4                __aeabi_i2d
                0x0000000008000418                __aeabi_f2d
                0x0000000008000418                __extendsfdf2
                0x000000000800045c                __floatundidf
                0x000000000800045c                __aeabi_ul2d
                0x000000000800046c                __floatdidf
                0x000000000800046c                __aeabi_l2d
 .text          0x00000000080004c8      0x424 c:/st/stm32cubeide_1.12.0/stm32cubeide/plugins/com.st.stm32cube.ide.mcu.externaltools.gnu-tools-for-stm32.10.3-2021.10.win32_1.0.200.202301161003/tools/bin/../lib/gcc/arm-none-eabi/10.3.1/thumb/v7-m/nofp\libgcc.a(_arm_muldivdf3.o)
                0x00000000080004c8                __aeabi_dmul
                0x00000000080004c8                __muldf3
                0x000000000800071c                __divdf3
                0x000000000800071c                __aeabi_ddiv
 .text          0x00000000080008ec       0x50 c:/st/stm32cubeide_1.12.0/stm32cubeide/plugins/com.st.stm32cube.ide.mcu.externaltools.gnu-tools-for-stm32.10.3-2021.10.win32_1.0.200.202301161003/tools/bin/../lib/gcc/arm-none-eabi/10.3.1/thumb/v7-m/nofp\libgcc.a(_arm_fixdfsi.o)
                0x00000000080008ec                __aeabi_d2iz
                0x00000000080008ec                __fixdfsi
 *(.text*)
 .text.main     0x000000000800093c       0xe4 ./ASW/APPs/Src/main.o
                0x000000000800093c                main
 .text._ZN12BUTTON_ProxyC2Ev
                0x0000000008000a20       0x2c ./ASW/DE/Src/BUTTON_Proxy.o
                0x0000000008000a20                BUTTON_Proxy::BUTTON_Proxy()
                0x0000000008000a20                BUTTON_Proxy::BUTTON_Proxy()
 .text._ZN12BUTTON_ProxyD2Ev
                0x0000000008000a4c       0x20 ./ASW/DE/Src/BUTTON_Proxy.o
                0x0000000008000a4c                BUTTON_Proxy::~BUTTON_Proxy()
                0x0000000008000a4c                BUTTON_Proxy::~BUTTON_Proxy()
 .text._ZN12BUTTON_ProxyD0Ev
                0x0000000008000a6c       0x20 ./ASW/DE/Src/BUTTON_Proxy.o
                0x0000000008000a6c                BUTTON_Proxy::~BUTTON_Proxy()
 .text._ZN12BUTTON_Proxy8setStateEh
                0x0000000008000a8c       0x1c ./ASW/DE/Src/BUTTON_Proxy.o
                0x0000000008000a8c                BUTTON_Proxy::setState(unsigned char)
 .text._ZN19BUTTON_Button_StartC2Ev
                0x0000000008000aa8       0x34 ./ASW/DE/Src/BUTTON_Singleton_Sample.o
                0x0000000008000aa8                BUTTON_Button_Start::BUTTON_Button_Start()
                0x0000000008000aa8                BUTTON_Button_Start::BUTTON_Button_Start()
 .text._ZN19BUTTON_Button_StartD2Ev
                0x0000000008000adc       0x24 ./ASW/DE/Src/BUTTON_Singleton_Sample.o
                0x0000000008000adc                BUTTON_Button_Start::~BUTTON_Button_Start()
                0x0000000008000adc                BUTTON_Button_Start::~BUTTON_Button_Start()
 .text._ZN19BUTTON_Button_StartD0Ev
                0x0000000008000b00       0x20 ./ASW/DE/Src/BUTTON_Singleton_Sample.o
                0x0000000008000b00                BUTTON_Button_Start::~BUTTON_Button_Start()
 .text._Z41__static_initialization_and_destruction_0ii
                0x0000000008000b20       0x44 ./ASW/DE/Src/BUTTON_Singleton_Sample.o
 .text._GLOBAL__sub_I__ZN19BUTTON_Button_Start8instanceE
                0x0000000008000b64       0x10 ./ASW/DE/Src/BUTTON_Singleton_Sample.o
 .text._GLOBAL__sub_D__ZN19BUTTON_Button_Start8instanceE
                0x0000000008000b74       0x10 ./ASW/DE/Src/BUTTON_Singleton_Sample.o
 .text._ZN9LED_ProxyC2Ev
                0x0000000008000b84       0x2c ./ASW/DE/Src/LED_Proxy.o
                0x0000000008000b84                LED_Proxy::LED_Proxy()
                0x0000000008000b84                LED_Proxy::LED_Proxy()
 .text._ZN9LED_ProxyD2Ev
                0x0000000008000bb0       0x20 ./ASW/DE/Src/LED_Proxy.o
                0x0000000008000bb0                LED_Proxy::~LED_Proxy()
                0x0000000008000bb0                LED_Proxy::~LED_Proxy()
 .text._ZN9LED_ProxyD0Ev
                0x0000000008000bd0       0x20 ./ASW/DE/Src/LED_Proxy.o
                0x0000000008000bd0                LED_Proxy::~LED_Proxy()
 .text._ZN9LED_Proxy8setStateEh
                0x0000000008000bf0       0x2c ./ASW/DE/Src/LED_Proxy.o
                0x0000000008000bf0                LED_Proxy::setState(unsigned char)
 .text._ZN8LED_testC2Ev
                0x0000000008000c1c       0x34 ./ASW/DE/Src/LED_Singleton_Sample.o
                0x0000000008000c1c                LED_test::LED_test()
                0x0000000008000c1c                LED_test::LED_test()
 .text._ZN8LED_testD2Ev
                0x0000000008000c50       0x24 ./ASW/DE/Src/LED_Singleton_Sample.o
                0x0000000008000c50                LED_test::~LED_test()
                0x0000000008000c50                LED_test::~LED_test()
 .text._ZN8LED_testD0Ev
                0x0000000008000c74       0x20 ./ASW/DE/Src/LED_Singleton_Sample.o
                0x0000000008000c74                LED_test::~LED_test()
 .text._Z41__static_initialization_and_destruction_0ii
                0x0000000008000c94       0x44 ./ASW/DE/Src/LED_Singleton_Sample.o
 .text._GLOBAL__sub_I__ZN8LED_test8instanceE
                0x0000000008000cd8       0x10 ./ASW/DE/Src/LED_Singleton_Sample.o
 .text._GLOBAL__sub_D__ZN8LED_test8instanceE
                0x0000000008000ce8       0x10 ./ASW/DE/Src/LED_Singleton_Sample.o
 .text._ZN15RobotArmManager33RobotArmManager_computeTrajectoryEiiii
                0x0000000008000cf8       0x78 ./ASW/DE/Src/RobotArmManager.o
                0x0000000008000cf8                RobotArmManager::RobotArmManager_computeTrajectory(int, int, int, int)
 .text._ZN15RobotArmManager23RotatingArmJoint_rotateEP16RotatingArmJoint11ActionValue
                0x0000000008000d70       0x34 ./ASW/DE/Src/RobotArmManager.o
                0x0000000008000d70                RobotArmManager::RotatingArmJoint_rotate(RotatingArmJoint*, ActionValue)
 .text._ZN15RobotArmManager13isActionEmptyERK6Action
                0x0000000008000da4       0x22 ./ASW/DE/Src/RobotArmManager.o
                0x0000000008000da4                RobotArmManager::isActionEmpty(Action const&)
 .text._ZN15RobotArmManager27RobotArmManager_executeStepEv
                0x0000000008000dc6      0x102 ./ASW/DE/Src/RobotArmManager.o
                0x0000000008000dc6                RobotArmManager::RobotArmManager_executeStep()
 .text._ZN15RobotArmManager23RobotArmManager_graspAtEiiii
                0x0000000008000ec8       0xac ./ASW/DE/Src/RobotArmManager.o
                0x0000000008000ec8                RobotArmManager::RobotArmManager_graspAt(int, int, int, int)
 .text._ZN15RobotArmManager21RotatingArmJoint_zeroEP16RotatingArmJoint
                0x0000000008000f74       0x1a ./ASW/DE/Src/RobotArmManager.o
                0x0000000008000f74                RobotArmManager::RotatingArmJoint_zero(RotatingArmJoint*)
 .text._ZN15RobotArmManager20RobotArmManager_zeroEv
                0x0000000008000f8e       0x64 ./ASW/DE/Src/RobotArmManager.o
                0x0000000008000f8e                RobotArmManager::RobotArmManager_zero()
 .text._ZN15RobotArmManager38RobotArmManager_addItsRotatingArmJointEP16RotatingArmJoint
                0x0000000008000ff2       0x48 ./ASW/DE/Src/RobotArmManager.o
                0x0000000008000ff2                RobotArmManager::RobotArmManager_addItsRotatingArmJoint(RotatingArmJoint*)
 .text._ZN15RobotArmManager30RobotArmManager_clearItsActionEv
                0x000000000800103a       0x12 ./ASW/DE/Src/RobotArmManager.o
                0x000000000800103a                RobotArmManager::RobotArmManager_clearItsAction()
 .text._ZN15RobotArmManagerC2Ev
                0x000000000800104c       0x58 ./ASW/DE/Src/RobotArmManager.o
                0x000000000800104c                RobotArmManager::RobotArmManager()
                0x000000000800104c                RobotArmManager::RobotArmManager()
 .text._ZN15RobotArmManagerD2Ev
                0x00000000080010a4       0x20 ./ASW/DE/Src/RobotArmManager.o
                0x00000000080010a4                RobotArmManager::~RobotArmManager()
                0x00000000080010a4                RobotArmManager::~RobotArmManager()
 .text._ZN15RobotArmManagerD0Ev
                0x00000000080010c4       0x22 ./ASW/DE/Src/RobotArmManager.o
                0x00000000080010c4                RobotArmManager::~RobotArmManager()
 .text._ZN16RotatingArmJointC2Ev
                0x00000000080010e6       0x20 ./ASW/DE/Src/RotatingArmJoint.o
                0x00000000080010e6                RotatingArmJoint::RotatingArmJoint()
                0x00000000080010e6                RotatingArmJoint::RotatingArmJoint()
 .text._ZN16RotatingArmJoint15RJoint_setSpeedEh
                0x0000000008001106       0x1c ./ASW/DE/Src/RotatingArmJoint.o
                0x0000000008001106                RotatingArmJoint::RJoint_setSpeed(unsigned char)
 .text._ZN16RotatingArmJoint15RJoint_setAngleEh
                0x0000000008001122       0x1c ./ASW/DE/Src/RotatingArmJoint.o
                0x0000000008001122                RotatingArmJoint::RJoint_setAngle(unsigned char)
 .text._ZN16RotatingArmJoint16check_ValidAngleE11ActionValue
                0x000000000800113e       0x56 ./ASW/DE/Src/RotatingArmJoint.o
                0x000000000800113e                RotatingArmJoint::check_ValidAngle(ActionValue)
 *fill*         0x0000000008001194        0x4 
 .text._ZN16RotatingArmJoint14Rotating_JointE11ActionValue
                0x0000000008001198       0xe8 ./ASW/DE/Src/RotatingArmJoint.o
                0x0000000008001198                RotatingArmJoint::Rotating_Joint(ActionValue)
 .text._ZN16RotatingArmJoint12Rotate_AngleEiii
                0x0000000008001280       0x52 ./ASW/DE/Src/RotatingArmJoint.o
                0x0000000008001280                RotatingArmJoint::Rotate_Angle(int, int, int)
 *fill*         0x00000000080012d2        0x6 
 .text._ZN16RotatingArmJoint4zeroEv
                0x00000000080012d8       0x50 ./ASW/DE/Src/RotatingArmJoint.o
                0x00000000080012d8                RotatingArmJoint::zero()
 .text.DIO_WritePin
                0x0000000008001328       0x38 ./BSW/Src/BSW_DIO.o
                0x0000000008001328                DIO_WritePin
 .text.ECU_Config
                0x0000000008001360       0x16 ./Core/Src/ECU_Config.o
                0x0000000008001360                ECU_Config
 .text.SystemClock_Config
                0x0000000008001376       0x76 ./Core/Src/ECU_Config.o
                0x0000000008001376                SystemClock_Config
 .text.MX_GPIO_Init
                0x00000000080013ec       0x64 ./Core/Src/ECU_Config.o
 .text.Error_Handler
                0x0000000008001450        0xa ./Core/Src/ECU_Config.o
                0x0000000008001450                Error_Handler
 *fill*         0x000000000800145a        0x2 
 .text.HAL_MspInit
                0x000000000800145c       0x44 ./Core/Src/stm32f1xx_hal_msp.o
                0x000000000800145c                HAL_MspInit
 .text.NMI_Handler
                0x00000000080014a0        0x6 ./Core/Src/stm32f1xx_it.o
                0x00000000080014a0                NMI_Handler
 .text.HardFault_Handler
                0x00000000080014a6        0x6 ./Core/Src/stm32f1xx_it.o
                0x00000000080014a6                HardFault_Handler
 .text.MemManage_Handler
                0x00000000080014ac        0x6 ./Core/Src/stm32f1xx_it.o
                0x00000000080014ac                MemManage_Handler
 .text.BusFault_Handler
                0x00000000080014b2        0x6 ./Core/Src/stm32f1xx_it.o
                0x00000000080014b2                BusFault_Handler
 .text.UsageFault_Handler
                0x00000000080014b8        0x6 ./Core/Src/stm32f1xx_it.o
                0x00000000080014b8                UsageFault_Handler
 .text.SVC_Handler
                0x00000000080014be        0xc ./Core/Src/stm32f1xx_it.o
                0x00000000080014be                SVC_Handler
 .text.DebugMon_Handler
                0x00000000080014ca        0xc ./Core/Src/stm32f1xx_it.o
                0x00000000080014ca                DebugMon_Handler
 .text.PendSV_Handler
                0x00000000080014d6        0xc ./Core/Src/stm32f1xx_it.o
                0x00000000080014d6                PendSV_Handler
 .text.SysTick_Handler
                0x00000000080014e2        0xc ./Core/Src/stm32f1xx_it.o
                0x00000000080014e2                SysTick_Handler
 .text.SystemInit
                0x00000000080014ee        0xc ./Core/Src/system_stm32f1xx.o
                0x00000000080014ee                SystemInit
 *fill*         0x00000000080014fa        0x2 
 .text.Reset_Handler
                0x00000000080014fc       0x48 ./Core/Startup/startup_stm32f103c8tx.o
                0x00000000080014fc                Reset_Handler
 .text.Default_Handler
                0x0000000008001544        0x2 ./Core/Startup/startup_stm32f103c8tx.o
                0x0000000008001544                RTC_Alarm_IRQHandler
                0x0000000008001544                EXTI2_IRQHandler
                0x0000000008001544                TIM1_CC_IRQHandler
                0x0000000008001544                PVD_IRQHandler
                0x0000000008001544                EXTI3_IRQHandler
                0x0000000008001544                EXTI0_IRQHandler
                0x0000000008001544                I2C2_EV_IRQHandler
                0x0000000008001544                ADC1_2_IRQHandler
                0x0000000008001544                SPI1_IRQHandler
                0x0000000008001544                TAMPER_IRQHandler
                0x0000000008001544                DMA1_Channel4_IRQHandler
                0x0000000008001544                USART3_IRQHandler
                0x0000000008001544                RTC_IRQHandler
                0x0000000008001544                DMA1_Channel7_IRQHandler
                0x0000000008001544                CAN1_RX1_IRQHandler
                0x0000000008001544                TIM4_IRQHandler
                0x0000000008001544                I2C1_EV_IRQHandler
                0x0000000008001544                DMA1_Channel6_IRQHandler
                0x0000000008001544                TIM3_IRQHandler
                0x0000000008001544                RCC_IRQHandler
                0x0000000008001544                TIM1_TRG_COM_IRQHandler
                0x0000000008001544                DMA1_Channel1_IRQHandler
                0x0000000008001544                Default_Handler
                0x0000000008001544                EXTI15_10_IRQHandler
                0x0000000008001544                EXTI9_5_IRQHandler
                0x0000000008001544                SPI2_IRQHandler
                0x0000000008001544                DMA1_Channel5_IRQHandler
                0x0000000008001544                EXTI4_IRQHandler
                0x0000000008001544                USB_LP_CAN1_RX0_IRQHandler
                0x0000000008001544                USB_HP_CAN1_TX_IRQHandler
                0x0000000008001544                DMA1_Channel3_IRQHandler
                0x0000000008001544                TIM1_UP_IRQHandler
                0x0000000008001544                WWDG_IRQHandler
                0x0000000008001544                TIM2_IRQHandler
                0x0000000008001544                TIM1_BRK_IRQHandler
                0x0000000008001544                EXTI1_IRQHandler
                0x0000000008001544                USART2_IRQHandler
                0x0000000008001544                I2C2_ER_IRQHandler
                0x0000000008001544                DMA1_Channel2_IRQHandler
                0x0000000008001544                CAN1_SCE_IRQHandler
                0x0000000008001544                FLASH_IRQHandler
                0x0000000008001544                USART1_IRQHandler
                0x0000000008001544                I2C1_ER_IRQHandler
                0x0000000008001544                USBWakeUp_IRQHandler
 *fill*         0x0000000008001546        0x2 
 .text.HAL_Init
                0x0000000008001548       0x2c ./Drivers/STM32F1xx_HAL_Driver/Src/stm32f1xx_hal.o
                0x0000000008001548                HAL_Init
 .text.HAL_InitTick
                0x0000000008001574       0x60 ./Drivers/STM32F1xx_HAL_Driver/Src/stm32f1xx_hal.o
                0x0000000008001574                HAL_InitTick
 .text.HAL_IncTick
                0x00000000080015d4       0x24 ./Drivers/STM32F1xx_HAL_Driver/Src/stm32f1xx_hal.o
                0x00000000080015d4                HAL_IncTick
 .text.HAL_GetTick
                0x00000000080015f8       0x14 ./Drivers/STM32F1xx_HAL_Driver/Src/stm32f1xx_hal.o
                0x00000000080015f8                HAL_GetTick
 .text.HAL_Delay
                0x000000000800160c       0x48 ./Drivers/STM32F1xx_HAL_Driver/Src/stm32f1xx_hal.o
                0x000000000800160c                HAL_Delay
 .text.__NVIC_SetPriorityGrouping
                0x0000000008001654       0x48 ./Drivers/STM32F1xx_HAL_Driver/Src/stm32f1xx_hal_cortex.o
 .text.__NVIC_GetPriorityGrouping
                0x000000000800169c       0x1c ./Drivers/STM32F1xx_HAL_Driver/Src/stm32f1xx_hal_cortex.o
 .text.__NVIC_SetPriority
                0x00000000080016b8       0x54 ./Drivers/STM32F1xx_HAL_Driver/Src/stm32f1xx_hal_cortex.o
 .text.NVIC_EncodePriority
                0x000000000800170c       0x64 ./Drivers/STM32F1xx_HAL_Driver/Src/stm32f1xx_hal_cortex.o
 .text.SysTick_Config
                0x0000000008001770       0x44 ./Drivers/STM32F1xx_HAL_Driver/Src/stm32f1xx_hal_cortex.o
 .text.HAL_NVIC_SetPriorityGrouping
                0x00000000080017b4       0x16 ./Drivers/STM32F1xx_HAL_Driver/Src/stm32f1xx_hal_cortex.o
                0x00000000080017b4                HAL_NVIC_SetPriorityGrouping
 .text.HAL_NVIC_SetPriority
                0x00000000080017ca       0x38 ./Drivers/STM32F1xx_HAL_Driver/Src/stm32f1xx_hal_cortex.o
                0x00000000080017ca                HAL_NVIC_SetPriority
 .text.HAL_SYSTICK_Config
                0x0000000008001802       0x18 ./Drivers/STM32F1xx_HAL_Driver/Src/stm32f1xx_hal_cortex.o
                0x0000000008001802                HAL_SYSTICK_Config
 *fill*         0x000000000800181a        0x2 
 .text.HAL_GPIO_Init
                0x000000000800181c      0x308 ./Drivers/STM32F1xx_HAL_Driver/Src/stm32f1xx_hal_gpio.o
                0x000000000800181c                HAL_GPIO_Init
 .text.HAL_GPIO_WritePin
                0x0000000008001b24       0x30 ./Drivers/STM32F1xx_HAL_Driver/Src/stm32f1xx_hal_gpio.o
                0x0000000008001b24                HAL_GPIO_WritePin
 .text.HAL_RCC_OscConfig
                0x0000000008001b54      0x504 ./Drivers/STM32F1xx_HAL_Driver/Src/stm32f1xx_hal_rcc.o
                0x0000000008001b54                HAL_RCC_OscConfig
 .text.HAL_RCC_ClockConfig
                0x0000000008002058      0x1d4 ./Drivers/STM32F1xx_HAL_Driver/Src/stm32f1xx_hal_rcc.o
                0x0000000008002058                HAL_RCC_ClockConfig
 .text.HAL_RCC_GetSysClockFreq
                0x000000000800222c       0xa8 ./Drivers/STM32F1xx_HAL_Driver/Src/stm32f1xx_hal_rcc.o
                0x000000000800222c                HAL_RCC_GetSysClockFreq
 .text.RCC_Delay
                0x00000000080022d4       0x3c ./Drivers/STM32F1xx_HAL_Driver/Src/stm32f1xx_hal_rcc.o
 .text.RTE_Write
                0x0000000008002310       0x44 ./RTE/Src/RTE.o
                0x0000000008002310                RTE_Write
 .text._ZdlPvj  0x0000000008002354        0x4 c:/st/stm32cubeide_1.12.0/stm32cubeide/plugins/com.st.stm32cube.ide.mcu.externaltools.gnu-tools-for-stm32.10.3-2021.10.win32_1.0.200.202301161003/tools/bin/../lib/gcc/arm-none-eabi/10.3.1/../../../../arm-none-eabi/lib/thumb/v7-m/nofp\libstdc++_nano.a(del_ops.o)
                0x0000000008002354                operator delete(void*, unsigned int)
 .text._ZdlPv   0x0000000008002358        0x4 c:/st/stm32cubeide_1.12.0/stm32cubeide/plugins/com.st.stm32cube.ide.mcu.externaltools.gnu-tools-for-stm32.10.3-2021.10.win32_1.0.200.202301161003/tools/bin/../lib/gcc/arm-none-eabi/10.3.1/../../../../arm-none-eabi/lib/thumb/v7-m/nofp\libstdc++_nano.a(del_op.o)
                0x0000000008002358                operator delete(void*)
 .text.__libc_init_array
                0x000000000800235c       0x48 c:/st/stm32cubeide_1.12.0/stm32cubeide/plugins/com.st.stm32cube.ide.mcu.externaltools.gnu-tools-for-stm32.10.3-2021.10.win32_1.0.200.202301161003/tools/bin/../lib/gcc/arm-none-eabi/10.3.1/../../../../arm-none-eabi/lib/thumb/v7-m/nofp\libc_nano.a(lib_a-init.o)
                0x000000000800235c                __libc_init_array
 .text.free     0x00000000080023a4       0x10 c:/st/stm32cubeide_1.12.0/stm32cubeide/plugins/com.st.stm32cube.ide.mcu.externaltools.gnu-tools-for-stm32.10.3-2021.10.win32_1.0.200.202301161003/tools/bin/../lib/gcc/arm-none-eabi/10.3.1/../../../../arm-none-eabi/lib/thumb/v7-m/nofp\libc_nano.a(lib_a-malloc.o)
                0x00000000080023a4                free
 .text.memset   0x00000000080023b4       0x10 c:/st/stm32cubeide_1.12.0/stm32cubeide/plugins/com.st.stm32cube.ide.mcu.externaltools.gnu-tools-for-stm32.10.3-2021.10.win32_1.0.200.202301161003/tools/bin/../lib/gcc/arm-none-eabi/10.3.1/../../../../arm-none-eabi/lib/thumb/v7-m/nofp\libc_nano.a(lib_a-memset.o)
                0x00000000080023b4                memset
 .text._free_r  0x00000000080023c4       0x90 c:/st/stm32cubeide_1.12.0/stm32cubeide/plugins/com.st.stm32cube.ide.mcu.externaltools.gnu-tools-for-stm32.10.3-2021.10.win32_1.0.200.202301161003/tools/bin/../lib/gcc/arm-none-eabi/10.3.1/../../../../arm-none-eabi/lib/thumb/v7-m/nofp\libc_nano.a(lib_a-nano-freer.o)
                0x00000000080023c4                _free_r
 .text.__malloc_lock
                0x0000000008002454        0xc c:/st/stm32cubeide_1.12.0/stm32cubeide/plugins/com.st.stm32cube.ide.mcu.externaltools.gnu-tools-for-stm32.10.3-2021.10.win32_1.0.200.202301161003/tools/bin/../lib/gcc/arm-none-eabi/10.3.1/../../../../arm-none-eabi/lib/thumb/v7-m/nofp\libc_nano.a(lib_a-mlock.o)
                0x0000000008002454                __malloc_lock
 .text.__malloc_unlock
                0x0000000008002460        0xc c:/st/stm32cubeide_1.12.0/stm32cubeide/plugins/com.st.stm32cube.ide.mcu.externaltools.gnu-tools-for-stm32.10.3-2021.10.win32_1.0.200.202301161003/tools/bin/../lib/gcc/arm-none-eabi/10.3.1/../../../../arm-none-eabi/lib/thumb/v7-m/nofp\libc_nano.a(lib_a-mlock.o)
                0x0000000008002460                __malloc_unlock
 .text.__retarget_lock_acquire_recursive
                0x000000000800246c        0x2 c:/st/stm32cubeide_1.12.0/stm32cubeide/plugins/com.st.stm32cube.ide.mcu.externaltools.gnu-tools-for-stm32.10.3-2021.10.win32_1.0.200.202301161003/tools/bin/../lib/gcc/arm-none-eabi/10.3.1/../../../../arm-none-eabi/lib/thumb/v7-m/nofp\libc_nano.a(lib_a-lock.o)
                0x000000000800246c                __retarget_lock_acquire_recursive
 .text.__retarget_lock_release_recursive
                0x000000000800246e        0x2 c:/st/stm32cubeide_1.12.0/stm32cubeide/plugins/com.st.stm32cube.ide.mcu.externaltools.gnu-tools-for-stm32.10.3-2021.10.win32_1.0.200.202301161003/tools/bin/../lib/gcc/arm-none-eabi/10.3.1/../../../../arm-none-eabi/lib/thumb/v7-m/nofp\libc_nano.a(lib_a-lock.o)
                0x000000000800246e                __retarget_lock_release_recursive
 *(.glue_7)
 .glue_7        0x0000000008002470        0x0 linker stubs
 *(.glue_7t)
 .glue_7t       0x0000000008002470        0x0 linker stubs
 *(.eh_frame)
 .eh_frame      0x0000000008002470        0x0 c:/st/stm32cubeide_1.12.0/stm32cubeide/plugins/com.st.stm32cube.ide.mcu.externaltools.gnu-tools-for-stm32.10.3-2021.10.win32_1.0.200.202301161003/tools/bin/../lib/gcc/arm-none-eabi/10.3.1/thumb/v7-m/nofp/crtbegin.o
 *(.init)
 .init          0x0000000008002470        0x4 c:/st/stm32cubeide_1.12.0/stm32cubeide/plugins/com.st.stm32cube.ide.mcu.externaltools.gnu-tools-for-stm32.10.3-2021.10.win32_1.0.200.202301161003/tools/bin/../lib/gcc/arm-none-eabi/10.3.1/thumb/v7-m/nofp/crti.o
                0x0000000008002470                _init
 .init          0x0000000008002474        0x8 c:/st/stm32cubeide_1.12.0/stm32cubeide/plugins/com.st.stm32cube.ide.mcu.externaltools.gnu-tools-for-stm32.10.3-2021.10.win32_1.0.200.202301161003/tools/bin/../lib/gcc/arm-none-eabi/10.3.1/thumb/v7-m/nofp/crtn.o
 *(.fini)
 .fini          0x000000000800247c        0x4 c:/st/stm32cubeide_1.12.0/stm32cubeide/plugins/com.st.stm32cube.ide.mcu.externaltools.gnu-tools-for-stm32.10.3-2021.10.win32_1.0.200.202301161003/tools/bin/../lib/gcc/arm-none-eabi/10.3.1/thumb/v7-m/nofp/crti.o
                0x000000000800247c                _fini
 .fini          0x0000000008002480        0x8 c:/st/stm32cubeide_1.12.0/stm32cubeide/plugins/com.st.stm32cube.ide.mcu.externaltools.gnu-tools-for-stm32.10.3-2021.10.win32_1.0.200.202301161003/tools/bin/../lib/gcc/arm-none-eabi/10.3.1/thumb/v7-m/nofp/crtn.o
                0x0000000008002488                . = ALIGN (0x4)
                0x0000000008002488                _etext = .

.vfp11_veneer   0x0000000008002488        0x0
 .vfp11_veneer  0x0000000008002488        0x0 linker stubs

.v4_bx          0x0000000008002488        0x0
 .v4_bx         0x0000000008002488        0x0 linker stubs

.iplt           0x0000000008002488        0x0
 .iplt          0x0000000008002488        0x0 c:/st/stm32cubeide_1.12.0/stm32cubeide/plugins/com.st.stm32cube.ide.mcu.externaltools.gnu-tools-for-stm32.10.3-2021.10.win32_1.0.200.202301161003/tools/bin/../lib/gcc/arm-none-eabi/10.3.1/thumb/v7-m/nofp/crtbegin.o

.rodata         0x0000000008002488       0x74
                0x0000000008002488                . = ALIGN (0x4)
 *(.rodata)
 *(.rodata*)
 .rodata._ZTV12BUTTON_Proxy
                0x0000000008002488       0x10 ./ASW/DE/Src/BUTTON_Proxy.o
                0x0000000008002488                vtable for BUTTON_Proxy
 .rodata._ZTV19BUTTON_Button_Start
                0x0000000008002498       0x10 ./ASW/DE/Src/BUTTON_Singleton_Sample.o
                0x0000000008002498                vtable for BUTTON_Button_Start
 .rodata._ZTV9LED_Proxy
                0x00000000080024a8       0x10 ./ASW/DE/Src/LED_Proxy.o
                0x00000000080024a8                vtable for LED_Proxy
 .rodata._ZTV8LED_test
                0x00000000080024b8       0x10 ./ASW/DE/Src/LED_Singleton_Sample.o
                0x00000000080024b8                vtable for LED_test
 .rodata._ZTV15RobotArmManager
                0x00000000080024c8       0x10 ./ASW/DE/Src/RobotArmManager.o
                0x00000000080024c8                vtable for RobotArmManager
 .rodata.AHBPrescTable
                0x00000000080024d8       0x10 ./Core/Src/system_stm32f1xx.o
                0x00000000080024d8                AHBPrescTable
 .rodata.aPLLMULFactorTable.1
                0x00000000080024e8       0x10 ./Drivers/STM32F1xx_HAL_Driver/Src/stm32f1xx_hal_rcc.o
 .rodata.aPredivFactorTable.0
                0x00000000080024f8        0x2 ./Drivers/STM32F1xx_HAL_Driver/Src/stm32f1xx_hal_rcc.o
                0x00000000080024fc                . = ALIGN (0x4)
 *fill*         0x00000000080024fa        0x2 

.rel.dyn        0x00000000080024fc        0x0
 .rel.iplt      0x00000000080024fc        0x0 c:/st/stm32cubeide_1.12.0/stm32cubeide/plugins/com.st.stm32cube.ide.mcu.externaltools.gnu-tools-for-stm32.10.3-2021.10.win32_1.0.200.202301161003/tools/bin/../lib/gcc/arm-none-eabi/10.3.1/thumb/v7-m/nofp/crtbegin.o

.ARM.extab      0x00000000080024fc        0x0
                0x00000000080024fc                . = ALIGN (0x4)
 *(.ARM.extab* .gnu.linkonce.armextab.*)
                0x00000000080024fc                . = ALIGN (0x4)

.ARM            0x00000000080024fc        0x0
                0x00000000080024fc                . = ALIGN (0x4)
                0x00000000080024fc                __exidx_start = .
 *(.ARM.exidx*)
                0x00000000080024fc                __exidx_end = .
                0x00000000080024fc                . = ALIGN (0x4)

.preinit_array  0x00000000080024fc        0x0
                0x00000000080024fc                . = ALIGN (0x4)
                0x00000000080024fc                PROVIDE (__preinit_array_start = .)
 *(.preinit_array*)
                0x00000000080024fc                PROVIDE (__preinit_array_end = .)
                0x00000000080024fc                . = ALIGN (0x4)

.init_array     0x00000000080024fc        0xc
                0x00000000080024fc                . = ALIGN (0x4)
                0x00000000080024fc                PROVIDE (__init_array_start = .)
 *(SORT_BY_NAME(.init_array.*))
 *(.init_array*)
 .init_array    0x00000000080024fc        0x4 c:/st/stm32cubeide_1.12.0/stm32cubeide/plugins/com.st.stm32cube.ide.mcu.externaltools.gnu-tools-for-stm32.10.3-2021.10.win32_1.0.200.202301161003/tools/bin/../lib/gcc/arm-none-eabi/10.3.1/thumb/v7-m/nofp/crtbegin.o
 .init_array    0x0000000008002500        0x4 ./ASW/DE/Src/BUTTON_Singleton_Sample.o
 .init_array    0x0000000008002504        0x4 ./ASW/DE/Src/LED_Singleton_Sample.o
                0x0000000008002508                PROVIDE (__init_array_end = .)
                0x0000000008002508                . = ALIGN (0x4)

.fini_array     0x0000000008002508        0xc
                0x0000000008002508                . = ALIGN (0x4)
                [!provide]                        PROVIDE (__fini_array_start = .)
 *(SORT_BY_NAME(.fini_array.*))
 *(.fini_array*)
 .fini_array    0x0000000008002508        0x4 c:/st/stm32cubeide_1.12.0/stm32cubeide/plugins/com.st.stm32cube.ide.mcu.externaltools.gnu-tools-for-stm32.10.3-2021.10.win32_1.0.200.202301161003/tools/bin/../lib/gcc/arm-none-eabi/10.3.1/thumb/v7-m/nofp/crtbegin.o
 .fini_array    0x000000000800250c        0x4 ./ASW/DE/Src/BUTTON_Singleton_Sample.o
 .fini_array    0x0000000008002510        0x4 ./ASW/DE/Src/LED_Singleton_Sample.o
                [!provide]                        PROVIDE (__fini_array_end = .)
                0x0000000008002514                . = ALIGN (0x4)
                0x0000000008002514                _sidata = LOADADDR (.data)

.data           0x0000000020000000       0x70 load address 0x0000000008002514
                0x0000000020000000                . = ALIGN (0x4)
                0x0000000020000000                _sdata = .
 *(.data)
 *(.data*)
 .data.SystemCoreClock
                0x0000000020000000        0x4 ./Core/Src/system_stm32f1xx.o
                0x0000000020000000                SystemCoreClock
 .data.uwTickPrio
                0x0000000020000004        0x4 ./Drivers/STM32F1xx_HAL_Driver/Src/stm32f1xx_hal.o
                0x0000000020000004                uwTickPrio
 .data.uwTickFreq
                0x0000000020000008        0x1 ./Drivers/STM32F1xx_HAL_Driver/Src/stm32f1xx_hal.o
                0x0000000020000008                uwTickFreq
 *fill*         0x0000000020000009        0x3 
 .data._impure_ptr
                0x000000002000000c        0x4 c:/st/stm32cubeide_1.12.0/stm32cubeide/plugins/com.st.stm32cube.ide.mcu.externaltools.gnu-tools-for-stm32.10.3-2021.10.win32_1.0.200.202301161003/tools/bin/../lib/gcc/arm-none-eabi/10.3.1/../../../../arm-none-eabi/lib/thumb/v7-m/nofp\libc_nano.a(lib_a-impure.o)
                0x000000002000000c                _impure_ptr
 .data.impure_data
                0x0000000020000010       0x60 c:/st/stm32cubeide_1.12.0/stm32cubeide/plugins/com.st.stm32cube.ide.mcu.externaltools.gnu-tools-for-stm32.10.3-2021.10.win32_1.0.200.202301161003/tools/bin/../lib/gcc/arm-none-eabi/10.3.1/../../../../arm-none-eabi/lib/thumb/v7-m/nofp\libc_nano.a(lib_a-impure.o)
 *(.RamFunc)
 *(.RamFunc*)
                0x0000000020000070                . = ALIGN (0x4)
                0x0000000020000070                _edata = .

.igot.plt       0x0000000020000070        0x0 load address 0x0000000008002584
 .igot.plt      0x0000000020000070        0x0 c:/st/stm32cubeide_1.12.0/stm32cubeide/plugins/com.st.stm32cube.ide.mcu.externaltools.gnu-tools-for-stm32.10.3-2021.10.win32_1.0.200.202301161003/tools/bin/../lib/gcc/arm-none-eabi/10.3.1/thumb/v7-m/nofp/crtbegin.o
                0x0000000020000070                . = ALIGN (0x4)

.bss            0x0000000020000070       0x44 load address 0x0000000008002584
                0x0000000020000070                _sbss = .
                0x0000000020000070                __bss_start__ = _sbss
 *(.bss)
 .bss           0x0000000020000070       0x1c c:/st/stm32cubeide_1.12.0/stm32cubeide/plugins/com.st.stm32cube.ide.mcu.externaltools.gnu-tools-for-stm32.10.3-2021.10.win32_1.0.200.202301161003/tools/bin/../lib/gcc/arm-none-eabi/10.3.1/thumb/v7-m/nofp/crtbegin.o
 *(.bss*)
 .bss._ZN19BUTTON_Button_Start8instanceE
                0x000000002000008c        0xc ./ASW/DE/Src/BUTTON_Singleton_Sample.o
                0x000000002000008c                BUTTON_Button_Start::instance
 .bss._ZN8LED_test8instanceE
                0x0000000020000098        0xc ./ASW/DE/Src/LED_Singleton_Sample.o
                0x0000000020000098                LED_test::instance
 .bss.uwTick    0x00000000200000a4        0x4 ./Drivers/STM32F1xx_HAL_Driver/Src/stm32f1xx_hal.o
                0x00000000200000a4                uwTick
 .bss.RTE_STEPPER
                0x00000000200000a8        0x4 ./RTE/Src/RTE.o
                0x00000000200000a8                RTE_STEPPER
 .bss.__malloc_free_list
                0x00000000200000ac        0x4 c:/st/stm32cubeide_1.12.0/stm32cubeide/plugins/com.st.stm32cube.ide.mcu.externaltools.gnu-tools-for-stm32.10.3-2021.10.win32_1.0.200.202301161003/tools/bin/../lib/gcc/arm-none-eabi/10.3.1/../../../../arm-none-eabi/lib/thumb/v7-m/nofp\libc_nano.a(lib_a-nano-mallocr.o)
                0x00000000200000ac                __malloc_free_list
 .bss.__lock___malloc_recursive_mutex
                0x00000000200000b0        0x1 c:/st/stm32cubeide_1.12.0/stm32cubeide/plugins/com.st.stm32cube.ide.mcu.externaltools.gnu-tools-for-stm32.10.3-2021.10.win32_1.0.200.202301161003/tools/bin/../lib/gcc/arm-none-eabi/10.3.1/../../../../arm-none-eabi/lib/thumb/v7-m/nofp\libc_nano.a(lib_a-lock.o)
                0x00000000200000b0                __lock___malloc_recursive_mutex
 *(COMMON)
                0x00000000200000b4                . = ALIGN (0x4)
 *fill*         0x00000000200000b1        0x3 
                0x00000000200000b4                _ebss = .
                0x00000000200000b4                __bss_end__ = _ebss

._user_heap_stack
                0x00000000200000b4      0x604 load address 0x0000000008002584
                0x00000000200000b8                . = ALIGN (0x8)
 *fill*         0x00000000200000b4        0x4 
                [!provide]                        PROVIDE (end = .)
                0x00000000200000b8                PROVIDE (_end = .)
                0x00000000200002b8                . = (. + _Min_Heap_Size)
 *fill*         0x00000000200000b8      0x200 
                0x00000000200006b8                . = (. + _Min_Stack_Size)
 *fill*         0x00000000200002b8      0x400 
                0x00000000200006b8                . = ALIGN (0x8)

/DISCARD/
 libc.a(*)
 libm.a(*)
 libgcc.a(*)

.ARM.attributes
                0x0000000000000000       0x29
 *(.ARM.attributes)
 .ARM.attributes
                0x0000000000000000       0x1d c:/st/stm32cubeide_1.12.0/stm32cubeide/plugins/com.st.stm32cube.ide.mcu.externaltools.gnu-tools-for-stm32.10.3-2021.10.win32_1.0.200.202301161003/tools/bin/../lib/gcc/arm-none-eabi/10.3.1/thumb/v7-m/nofp/crti.o
 .ARM.attributes
                0x000000000000001d       0x2d c:/st/stm32cubeide_1.12.0/stm32cubeide/plugins/com.st.stm32cube.ide.mcu.externaltools.gnu-tools-for-stm32.10.3-2021.10.win32_1.0.200.202301161003/tools/bin/../lib/gcc/arm-none-eabi/10.3.1/thumb/v7-m/nofp/crtbegin.o
 .ARM.attributes
                0x000000000000004a       0x2d ./ASW/APPs/Src/main.o
 .ARM.attributes
                0x0000000000000077       0x2d ./ASW/DE/Src/BUTTON_Proxy.o
 .ARM.attributes
                0x00000000000000a4       0x2d ./ASW/DE/Src/BUTTON_Singleton_Sample.o
 .ARM.attributes
                0x00000000000000d1       0x2d ./ASW/DE/Src/LED_Proxy.o
 .ARM.attributes
                0x00000000000000fe       0x2d ./ASW/DE/Src/LED_Singleton_Sample.o
 .ARM.attributes
                0x000000000000012b       0x2d ./ASW/DE/Src/RobotArmManager.o
 .ARM.attributes
                0x0000000000000158       0x2d ./ASW/DE/Src/RotatingArmJoint.o
 .ARM.attributes
                0x0000000000000185       0x2d ./BSW/Src/BSW_DIO.o
 .ARM.attributes
                0x00000000000001b2       0x2d ./Core/Src/ECU_Config.o
 .ARM.attributes
                0x00000000000001df       0x2d ./Core/Src/stm32f1xx_hal_msp.o
 .ARM.attributes
                0x000000000000020c       0x2d ./Core/Src/stm32f1xx_it.o
 .ARM.attributes
                0x0000000000000239       0x2d ./Core/Src/system_stm32f1xx.o
 .ARM.attributes
                0x0000000000000266       0x21 ./Core/Startup/startup_stm32f103c8tx.o
 .ARM.attributes
                0x0000000000000287       0x2d ./Drivers/STM32F1xx_HAL_Driver/Src/stm32f1xx_hal.o
 .ARM.attributes
                0x00000000000002b4       0x2d ./Drivers/STM32F1xx_HAL_Driver/Src/stm32f1xx_hal_cortex.o
 .ARM.attributes
                0x00000000000002e1       0x2d ./Drivers/STM32F1xx_HAL_Driver/Src/stm32f1xx_hal_gpio.o
 .ARM.attributes
                0x000000000000030e       0x2d ./Drivers/STM32F1xx_HAL_Driver/Src/stm32f1xx_hal_rcc.o
 .ARM.attributes
                0x000000000000033b       0x2d ./RTE/Src/RTE.o
 .ARM.attributes
                0x0000000000000368       0x2d c:/st/stm32cubeide_1.12.0/stm32cubeide/plugins/com.st.stm32cube.ide.mcu.externaltools.gnu-tools-for-stm32.10.3-2021.10.win32_1.0.200.202301161003/tools/bin/../lib/gcc/arm-none-eabi/10.3.1/../../../../arm-none-eabi/lib/thumb/v7-m/nofp\libstdc++_nano.a(del_ops.o)
 .ARM.attributes
                0x0000000000000395       0x2d c:/st/stm32cubeide_1.12.0/stm32cubeide/plugins/com.st.stm32cube.ide.mcu.externaltools.gnu-tools-for-stm32.10.3-2021.10.win32_1.0.200.202301161003/tools/bin/../lib/gcc/arm-none-eabi/10.3.1/../../../../arm-none-eabi/lib/thumb/v7-m/nofp\libstdc++_nano.a(del_op.o)
 .ARM.attributes
                0x00000000000003c2       0x2d c:/st/stm32cubeide_1.12.0/stm32cubeide/plugins/com.st.stm32cube.ide.mcu.externaltools.gnu-tools-for-stm32.10.3-2021.10.win32_1.0.200.202301161003/tools/bin/../lib/gcc/arm-none-eabi/10.3.1/../../../../arm-none-eabi/lib/thumb/v7-m/nofp\libc_nano.a(lib_a-impure.o)
 .ARM.attributes
                0x00000000000003ef       0x2d c:/st/stm32cubeide_1.12.0/stm32cubeide/plugins/com.st.stm32cube.ide.mcu.externaltools.gnu-tools-for-stm32.10.3-2021.10.win32_1.0.200.202301161003/tools/bin/../lib/gcc/arm-none-eabi/10.3.1/../../../../arm-none-eabi/lib/thumb/v7-m/nofp\libc_nano.a(lib_a-init.o)
 .ARM.attributes
                0x000000000000041c       0x2d c:/st/stm32cubeide_1.12.0/stm32cubeide/plugins/com.st.stm32cube.ide.mcu.externaltools.gnu-tools-for-stm32.10.3-2021.10.win32_1.0.200.202301161003/tools/bin/../lib/gcc/arm-none-eabi/10.3.1/../../../../arm-none-eabi/lib/thumb/v7-m/nofp\libc_nano.a(lib_a-malloc.o)
 .ARM.attributes
                0x0000000000000449       0x2d c:/st/stm32cubeide_1.12.0/stm32cubeide/plugins/com.st.stm32cube.ide.mcu.externaltools.gnu-tools-for-stm32.10.3-2021.10.win32_1.0.200.202301161003/tools/bin/../lib/gcc/arm-none-eabi/10.3.1/../../../../arm-none-eabi/lib/thumb/v7-m/nofp\libc_nano.a(lib_a-memset.o)
 .ARM.attributes
                0x0000000000000476       0x2d c:/st/stm32cubeide_1.12.0/stm32cubeide/plugins/com.st.stm32cube.ide.mcu.externaltools.gnu-tools-for-stm32.10.3-2021.10.win32_1.0.200.202301161003/tools/bin/../lib/gcc/arm-none-eabi/10.3.1/../../../../arm-none-eabi/lib/thumb/v7-m/nofp\libc_nano.a(lib_a-nano-freer.o)
 .ARM.attributes
                0x00000000000004a3       0x2d c:/st/stm32cubeide_1.12.0/stm32cubeide/plugins/com.st.stm32cube.ide.mcu.externaltools.gnu-tools-for-stm32.10.3-2021.10.win32_1.0.200.202301161003/tools/bin/../lib/gcc/arm-none-eabi/10.3.1/../../../../arm-none-eabi/lib/thumb/v7-m/nofp\libc_nano.a(lib_a-nano-mallocr.o)
 .ARM.attributes
                0x00000000000004d0       0x2d c:/st/stm32cubeide_1.12.0/stm32cubeide/plugins/com.st.stm32cube.ide.mcu.externaltools.gnu-tools-for-stm32.10.3-2021.10.win32_1.0.200.202301161003/tools/bin/../lib/gcc/arm-none-eabi/10.3.1/../../../../arm-none-eabi/lib/thumb/v7-m/nofp\libc_nano.a(lib_a-mlock.o)
 .ARM.attributes
                0x00000000000004fd       0x2d c:/st/stm32cubeide_1.12.0/stm32cubeide/plugins/com.st.stm32cube.ide.mcu.externaltools.gnu-tools-for-stm32.10.3-2021.10.win32_1.0.200.202301161003/tools/bin/../lib/gcc/arm-none-eabi/10.3.1/../../../../arm-none-eabi/lib/thumb/v7-m/nofp\libc_nano.a(lib_a-lock.o)
 .ARM.attributes
                0x000000000000052a       0x1d c:/st/stm32cubeide_1.12.0/stm32cubeide/plugins/com.st.stm32cube.ide.mcu.externaltools.gnu-tools-for-stm32.10.3-2021.10.win32_1.0.200.202301161003/tools/bin/../lib/gcc/arm-none-eabi/10.3.1/thumb/v7-m/nofp\libgcc.a(_arm_addsubdf3.o)
 .ARM.attributes
                0x0000000000000547       0x1d c:/st/stm32cubeide_1.12.0/stm32cubeide/plugins/com.st.stm32cube.ide.mcu.externaltools.gnu-tools-for-stm32.10.3-2021.10.win32_1.0.200.202301161003/tools/bin/../lib/gcc/arm-none-eabi/10.3.1/thumb/v7-m/nofp\libgcc.a(_arm_muldivdf3.o)
 .ARM.attributes
                0x0000000000000564       0x1d c:/st/stm32cubeide_1.12.0/stm32cubeide/plugins/com.st.stm32cube.ide.mcu.externaltools.gnu-tools-for-stm32.10.3-2021.10.win32_1.0.200.202301161003/tools/bin/../lib/gcc/arm-none-eabi/10.3.1/thumb/v7-m/nofp\libgcc.a(_arm_fixdfsi.o)
 .ARM.attributes
                0x0000000000000581       0x1d c:/st/stm32cubeide_1.12.0/stm32cubeide/plugins/com.st.stm32cube.ide.mcu.externaltools.gnu-tools-for-stm32.10.3-2021.10.win32_1.0.200.202301161003/tools/bin/../lib/gcc/arm-none-eabi/10.3.1/thumb/v7-m/nofp/crtn.o
OUTPUT(DIO_Abstraction.elf elf32-littlearm)
LOAD linker stubs
LOAD c:/st/stm32cubeide_1.12.0/stm32cubeide/plugins/com.st.stm32cube.ide.mcu.externaltools.gnu-tools-for-stm32.10.3-2021.10.win32_1.0.200.202301161003/tools/bin/../lib/gcc/arm-none-eabi/10.3.1/../../../../arm-none-eabi/lib/thumb/v7-m/nofp\libc.a
LOAD c:/st/stm32cubeide_1.12.0/stm32cubeide/plugins/com.st.stm32cube.ide.mcu.externaltools.gnu-tools-for-stm32.10.3-2021.10.win32_1.0.200.202301161003/tools/bin/../lib/gcc/arm-none-eabi/10.3.1/../../../../arm-none-eabi/lib/thumb/v7-m/nofp\libm.a
LOAD c:/st/stm32cubeide_1.12.0/stm32cubeide/plugins/com.st.stm32cube.ide.mcu.externaltools.gnu-tools-for-stm32.10.3-2021.10.win32_1.0.200.202301161003/tools/bin/../lib/gcc/arm-none-eabi/10.3.1/thumb/v7-m/nofp\libgcc.a

.debug_info     0x0000000000000000     0x5138
 .debug_info    0x0000000000000000      0x3f8 ./ASW/APPs/Src/main.o
 .debug_info    0x00000000000003f8      0x2be ./ASW/DE/Src/BUTTON_Proxy.o
 .debug_info    0x00000000000006b6      0x34a ./ASW/DE/Src/BUTTON_Singleton_Sample.o
 .debug_info    0x0000000000000a00      0x2b5 ./ASW/DE/Src/LED_Proxy.o
 .debug_info    0x0000000000000cb5      0x3f3 ./ASW/DE/Src/LED_Singleton_Sample.o
 .debug_info    0x00000000000010a8      0xa97 ./ASW/DE/Src/RobotArmManager.o
 .debug_info    0x0000000000001b3f      0x55d ./ASW/DE/Src/RotatingArmJoint.o
 .debug_info    0x000000000000209c      0x2a8 ./BSW/Src/BSW_DIO.o
 .debug_info    0x0000000000002344      0x4c6 ./Core/Src/ECU_Config.o
 .debug_info    0x000000000000280a      0x180 ./Core/Src/stm32f1xx_hal_msp.o
 .debug_info    0x000000000000298a      0x122 ./Core/Src/stm32f1xx_it.o
 .debug_info    0x0000000000002aac      0x23d ./Core/Src/system_stm32f1xx.o
 .debug_info    0x0000000000002ce9       0x22 ./Core/Startup/startup_stm32f103c8tx.o
 .debug_info    0x0000000000002d0b      0x734 ./Drivers/STM32F1xx_HAL_Driver/Src/stm32f1xx_hal.o
 .debug_info    0x000000000000343f      0xb20 ./Drivers/STM32F1xx_HAL_Driver/Src/stm32f1xx_hal_cortex.o
 .debug_info    0x0000000000003f5f      0x615 ./Drivers/STM32F1xx_HAL_Driver/Src/stm32f1xx_hal_gpio.o
 .debug_info    0x0000000000004574      0x865 ./Drivers/STM32F1xx_HAL_Driver/Src/stm32f1xx_hal_rcc.o
 .debug_info    0x0000000000004dd9      0x35f ./RTE/Src/RTE.o

.debug_abbrev   0x0000000000000000     0x205b
 .debug_abbrev  0x0000000000000000      0x1eb ./ASW/APPs/Src/main.o
 .debug_abbrev  0x00000000000001eb      0x1fb ./ASW/DE/Src/BUTTON_Proxy.o
 .debug_abbrev  0x00000000000003e6      0x25c ./ASW/DE/Src/BUTTON_Singleton_Sample.o
 .debug_abbrev  0x0000000000000642      0x1f7 ./ASW/DE/Src/LED_Proxy.o
 .debug_abbrev  0x0000000000000839      0x26b ./ASW/DE/Src/LED_Singleton_Sample.o
 .debug_abbrev  0x0000000000000aa4      0x324 ./ASW/DE/Src/RobotArmManager.o
 .debug_abbrev  0x0000000000000dc8      0x218 ./ASW/DE/Src/RotatingArmJoint.o
 .debug_abbrev  0x0000000000000fe0      0x141 ./BSW/Src/BSW_DIO.o
 .debug_abbrev  0x0000000000001121      0x1c9 ./Core/Src/ECU_Config.o
 .debug_abbrev  0x00000000000012ea       0xc2 ./Core/Src/stm32f1xx_hal_msp.o
 .debug_abbrev  0x00000000000013ac       0x74 ./Core/Src/stm32f1xx_it.o
 .debug_abbrev  0x0000000000001420      0x13b ./Core/Src/system_stm32f1xx.o
 .debug_abbrev  0x000000000000155b       0x12 ./Core/Startup/startup_stm32f103c8tx.o
 .debug_abbrev  0x000000000000156d      0x1fb ./Drivers/STM32F1xx_HAL_Driver/Src/stm32f1xx_hal.o
 .debug_abbrev  0x0000000000001768      0x2ed ./Drivers/STM32F1xx_HAL_Driver/Src/stm32f1xx_hal_cortex.o
 .debug_abbrev  0x0000000000001a55      0x1bb ./Drivers/STM32F1xx_HAL_Driver/Src/stm32f1xx_hal_gpio.o
 .debug_abbrev  0x0000000000001c10      0x2a8 ./Drivers/STM32F1xx_HAL_Driver/Src/stm32f1xx_hal_rcc.o
 .debug_abbrev  0x0000000000001eb8      0x1a3 ./RTE/Src/RTE.o

.debug_aranges  0x0000000000000000      0x690
 .debug_aranges
                0x0000000000000000       0x20 ./ASW/APPs/Src/main.o
 .debug_aranges
                0x0000000000000020       0x40 ./ASW/DE/Src/BUTTON_Proxy.o
 .debug_aranges
                0x0000000000000060       0x50 ./ASW/DE/Src/BUTTON_Singleton_Sample.o
 .debug_aranges
                0x00000000000000b0       0x40 ./ASW/DE/Src/LED_Proxy.o
 .debug_aranges
                0x00000000000000f0       0x50 ./ASW/DE/Src/LED_Singleton_Sample.o
 .debug_aranges
                0x0000000000000140       0xa8 ./ASW/DE/Src/RobotArmManager.o
 .debug_aranges
                0x00000000000001e8       0x68 ./ASW/DE/Src/RotatingArmJoint.o
 .debug_aranges
                0x0000000000000250       0x38 ./BSW/Src/BSW_DIO.o
 .debug_aranges
                0x0000000000000288       0x38 ./Core/Src/ECU_Config.o
 .debug_aranges
                0x00000000000002c0       0x20 ./Core/Src/stm32f1xx_hal_msp.o
 .debug_aranges
                0x00000000000002e0       0x60 ./Core/Src/stm32f1xx_it.o
 .debug_aranges
                0x0000000000000340       0x28 ./Core/Src/system_stm32f1xx.o
 .debug_aranges
                0x0000000000000368       0x28 ./Core/Startup/startup_stm32f103c8tx.o
 .debug_aranges
                0x0000000000000390       0xe0 ./Drivers/STM32F1xx_HAL_Driver/Src/stm32f1xx_hal.o
 .debug_aranges
                0x0000000000000470      0x100 ./Drivers/STM32F1xx_HAL_Driver/Src/stm32f1xx_hal_cortex.o
 .debug_aranges
                0x0000000000000570       0x58 ./Drivers/STM32F1xx_HAL_Driver/Src/stm32f1xx_hal_gpio.o
 .debug_aranges
                0x00000000000005c8       0x90 ./Drivers/STM32F1xx_HAL_Driver/Src/stm32f1xx_hal_rcc.o
 .debug_aranges
                0x0000000000000658       0x38 ./RTE/Src/RTE.o

.debug_ranges   0x0000000000000000      0x578
 .debug_ranges  0x0000000000000000       0x10 ./ASW/APPs/Src/main.o
 .debug_ranges  0x0000000000000010       0x30 ./ASW/DE/Src/BUTTON_Proxy.o
 .debug_ranges  0x0000000000000040       0x40 ./ASW/DE/Src/BUTTON_Singleton_Sample.o
 .debug_ranges  0x0000000000000080       0x30 ./ASW/DE/Src/LED_Proxy.o
 .debug_ranges  0x00000000000000b0       0x40 ./ASW/DE/Src/LED_Singleton_Sample.o
 .debug_ranges  0x00000000000000f0       0x98 ./ASW/DE/Src/RobotArmManager.o
 .debug_ranges  0x0000000000000188       0x58 ./ASW/DE/Src/RotatingArmJoint.o
 .debug_ranges  0x00000000000001e0       0x28 ./BSW/Src/BSW_DIO.o
 .debug_ranges  0x0000000000000208       0x28 ./Core/Src/ECU_Config.o
 .debug_ranges  0x0000000000000230       0x10 ./Core/Src/stm32f1xx_hal_msp.o
 .debug_ranges  0x0000000000000240       0x50 ./Core/Src/stm32f1xx_it.o
 .debug_ranges  0x0000000000000290       0x18 ./Core/Src/system_stm32f1xx.o
 .debug_ranges  0x00000000000002a8       0x20 ./Core/Startup/startup_stm32f103c8tx.o
 .debug_ranges  0x00000000000002c8       0xd0 ./Drivers/STM32F1xx_HAL_Driver/Src/stm32f1xx_hal.o
 .debug_ranges  0x0000000000000398       0xf0 ./Drivers/STM32F1xx_HAL_Driver/Src/stm32f1xx_hal_cortex.o
 .debug_ranges  0x0000000000000488       0x48 ./Drivers/STM32F1xx_HAL_Driver/Src/stm32f1xx_hal_gpio.o
 .debug_ranges  0x00000000000004d0       0x80 ./Drivers/STM32F1xx_HAL_Driver/Src/stm32f1xx_hal_rcc.o
 .debug_ranges  0x0000000000000550       0x28 ./RTE/Src/RTE.o

.debug_macro    0x0000000000000000    0x18379
 .debug_macro   0x0000000000000000      0x216 ./ASW/APPs/Src/main.o
 .debug_macro   0x0000000000000216      0xb44 ./ASW/APPs/Src/main.o
 .debug_macro   0x0000000000000d5a      0x20f ./ASW/APPs/Src/main.o
 .debug_macro   0x0000000000000f69       0x2e ./ASW/APPs/Src/main.o
 .debug_macro   0x0000000000000f97       0x22 ./ASW/APPs/Src/main.o
 .debug_macro   0x0000000000000fb9       0x1c ./ASW/APPs/Src/main.o
 .debug_macro   0x0000000000000fd5       0x22 ./ASW/APPs/Src/main.o
 .debug_macro   0x0000000000000ff7       0x8e ./ASW/APPs/Src/main.o
 .debug_macro   0x0000000000001085       0x51 ./ASW/APPs/Src/main.o
 .debug_macro   0x00000000000010d6      0x103 ./ASW/APPs/Src/main.o
 .debug_macro   0x00000000000011d9       0x6a ./ASW/APPs/Src/main.o
 .debug_macro   0x0000000000001243      0x1df ./ASW/APPs/Src/main.o
 .debug_macro   0x0000000000001422       0x1c ./ASW/APPs/Src/main.o
 .debug_macro   0x000000000000143e       0x22 ./ASW/APPs/Src/main.o
 .debug_macro   0x0000000000001460       0xbd ./ASW/APPs/Src/main.o
 .debug_macro   0x000000000000151d      0xd23 ./ASW/APPs/Src/main.o
 .debug_macro   0x0000000000002240     0xe09e ./ASW/APPs/Src/main.o
 .debug_macro   0x00000000000102de       0x6d ./ASW/APPs/Src/main.o
 .debug_macro   0x000000000001034b     0x348d ./ASW/APPs/Src/main.o
 .debug_macro   0x00000000000137d8      0x17b ./ASW/APPs/Src/main.o
 .debug_macro   0x0000000000013953       0x5c ./ASW/APPs/Src/main.o
 .debug_macro   0x00000000000139af      0x5bc ./ASW/APPs/Src/main.o
 .debug_macro   0x0000000000013f6b      0x289 ./ASW/APPs/Src/main.o
 .debug_macro   0x00000000000141f4      0x1cb ./ASW/APPs/Src/main.o
 .debug_macro   0x00000000000143bf      0x114 ./ASW/APPs/Src/main.o
 .debug_macro   0x00000000000144d3      0x1b2 ./ASW/APPs/Src/main.o
 .debug_macro   0x0000000000014685       0x27 ./ASW/APPs/Src/main.o
 .debug_macro   0x00000000000146ac      0x136 ./ASW/APPs/Src/main.o
 .debug_macro   0x00000000000147e2      0x1bc ./ASW/APPs/Src/main.o
 .debug_macro   0x000000000001499e       0x34 ./ASW/APPs/Src/main.o
 .debug_macro   0x00000000000149d2       0x3c ./ASW/APPs/Src/main.o
 .debug_macro   0x0000000000014a0e       0x57 ./ASW/APPs/Src/main.o
 .debug_macro   0x0000000000014a65       0x87 ./ASW/APPs/Src/main.o
 .debug_macro   0x0000000000014aec      0x240 ./ASW/APPs/Src/main.o
 .debug_macro   0x0000000000014d2c      0x140 ./ASW/APPs/Src/main.o
 .debug_macro   0x0000000000014e6c       0x83 ./ASW/APPs/Src/main.o
 .debug_macro   0x0000000000014eef       0x28 ./ASW/APPs/Src/main.o
 .debug_macro   0x0000000000014f17      0x216 ./ASW/DE/Src/BUTTON_Proxy.o
 .debug_macro   0x000000000001512d      0x220 ./ASW/DE/Src/BUTTON_Singleton_Sample.o
 .debug_macro   0x000000000001534d      0x1b1 ./ASW/DE/Src/LED_Proxy.o
 .debug_macro   0x00000000000154fe      0x1bb ./ASW/DE/Src/LED_Singleton_Sample.o
 .debug_macro   0x00000000000156b9      0x1da ./ASW/DE/Src/RobotArmManager.o
 .debug_macro   0x0000000000015893      0x1c0 ./ASW/DE/Src/RotatingArmJoint.o
 .debug_macro   0x0000000000015a53      0x193 ./BSW/Src/BSW_DIO.o
 .debug_macro   0x0000000000015be6      0x18e ./Core/Src/ECU_Config.o
 .debug_macro   0x0000000000015d74      0xa6c ./Core/Src/ECU_Config.o
 .debug_macro   0x00000000000167e0      0xd23 ./Core/Src/ECU_Config.o
 .debug_macro   0x0000000000017503      0x174 ./Core/Src/ECU_Config.o
 .debug_macro   0x0000000000017677      0x18e ./Core/Src/stm32f1xx_hal_msp.o
 .debug_macro   0x0000000000017805      0x198 ./Core/Src/stm32f1xx_it.o
 .debug_macro   0x000000000001799d      0x184 ./Core/Src/system_stm32f1xx.o
 .debug_macro   0x0000000000017b21      0x1a8 ./Drivers/STM32F1xx_HAL_Driver/Src/stm32f1xx_hal.o
 .debug_macro   0x0000000000017cc9      0x184 ./Drivers/STM32F1xx_HAL_Driver/Src/stm32f1xx_hal_cortex.o
 .debug_macro   0x0000000000017e4d      0x1ef ./Drivers/STM32F1xx_HAL_Driver/Src/stm32f1xx_hal_gpio.o
 .debug_macro   0x000000000001803c      0x196 ./Drivers/STM32F1xx_HAL_Driver/Src/stm32f1xx_hal_rcc.o
 .debug_macro   0x00000000000181d2      0x1a7 ./RTE/Src/RTE.o

.debug_line     0x0000000000000000     0x8be8
 .debug_line    0x0000000000000000      0x7ad ./ASW/APPs/Src/main.o
 .debug_line    0x00000000000007ad      0x7ec ./ASW/DE/Src/BUTTON_Proxy.o
 .debug_line    0x0000000000000f99      0x857 ./ASW/DE/Src/BUTTON_Singleton_Sample.o
 .debug_line    0x00000000000017f0      0x740 ./ASW/DE/Src/LED_Proxy.o
 .debug_line    0x0000000000001f30      0x79a ./ASW/DE/Src/LED_Singleton_Sample.o
 .debug_line    0x00000000000026ca      0x9e7 ./ASW/DE/Src/RobotArmManager.o
 .debug_line    0x00000000000030b1      0x882 ./ASW/DE/Src/RotatingArmJoint.o
 .debug_line    0x0000000000003933      0x69f ./BSW/Src/BSW_DIO.o
 .debug_line    0x0000000000003fd2      0x6c8 ./Core/Src/ECU_Config.o
 .debug_line    0x000000000000469a      0x636 ./Core/Src/stm32f1xx_hal_msp.o
 .debug_line    0x0000000000004cd0      0x6f9 ./Core/Src/stm32f1xx_it.o
 .debug_line    0x00000000000053c9      0x6af ./Core/Src/system_stm32f1xx.o
 .debug_line    0x0000000000005a78       0x86 ./Core/Startup/startup_stm32f103c8tx.o
 .debug_line    0x0000000000005afe      0x8dc ./Drivers/STM32F1xx_HAL_Driver/Src/stm32f1xx_hal.o
 .debug_line    0x00000000000063da      0xac4 ./Drivers/STM32F1xx_HAL_Driver/Src/stm32f1xx_hal_cortex.o
 .debug_line    0x0000000000006e9e      0x975 ./Drivers/STM32F1xx_HAL_Driver/Src/stm32f1xx_hal_gpio.o
 .debug_line    0x0000000000007813      0xce8 ./Drivers/STM32F1xx_HAL_Driver/Src/stm32f1xx_hal_rcc.o
 .debug_line    0x00000000000084fb      0x6ed ./RTE/Src/RTE.o

.debug_str      0x0000000000000000    0x7d2a4
 .debug_str     0x0000000000000000    0x7b136 ./ASW/APPs/Src/main.o
                                      0x7b492 (size before relaxing)
 .debug_str     0x000000000007b136      0x149 ./ASW/DE/Src/BUTTON_Proxy.o
                                      0x7b1d5 (size before relaxing)
 .debug_str     0x000000000007b27f      0x21e ./ASW/DE/Src/BUTTON_Singleton_Sample.o
                                      0x7b377 (size before relaxing)
 .debug_str     0x000000000007b49d       0xea ./ASW/DE/Src/LED_Proxy.o
                                      0x7b0af (size before relaxing)
 .debug_str     0x000000000007b587      0x1b5 ./ASW/DE/Src/LED_Singleton_Sample.o
                                      0x7b2b6 (size before relaxing)
 .debug_str     0x000000000007b73c      0x649 ./ASW/DE/Src/RobotArmManager.o
                                      0x7ba3f (size before relaxing)
 .debug_str     0x000000000007bd85       0xd4 ./ASW/DE/Src/RotatingArmJoint.o
                                      0x7b3af (size before relaxing)
 .debug_str     0x000000000007be59       0xc2 ./BSW/Src/BSW_DIO.o
                                      0x7b079 (size before relaxing)
 .debug_str     0x000000000007bf1b      0x434 ./Core/Src/ECU_Config.o
                                      0x7ad94 (size before relaxing)
 .debug_str     0x000000000007c34f       0x2c ./Core/Src/stm32f1xx_hal_msp.o
                                      0x7ab43 (size before relaxing)
 .debug_str     0x000000000007c37b       0xc9 ./Core/Src/stm32f1xx_it.o
                                      0x7ab86 (size before relaxing)
 .debug_str     0x000000000007c444       0x7e ./Core/Src/system_stm32f1xx.o
                                      0x7ab96 (size before relaxing)
 .debug_str     0x000000000007c4c2       0x36 ./Core/Startup/startup_stm32f103c8tx.o
                                         0x5e (size before relaxing)
 .debug_str     0x000000000007c4f8      0x5a3 ./Drivers/STM32F1xx_HAL_Driver/Src/stm32f1xx_hal.o
                                      0x7b2c9 (size before relaxing)
 .debug_str     0x000000000007ca9b      0x2bc ./Drivers/STM32F1xx_HAL_Driver/Src/stm32f1xx_hal_cortex.o
                                      0x7b215 (size before relaxing)
 .debug_str     0x000000000007cd57      0x2d7 ./Drivers/STM32F1xx_HAL_Driver/Src/stm32f1xx_hal_gpio.o
                                      0x7af1c (size before relaxing)
 .debug_str     0x000000000007d02e      0x21e ./Drivers/STM32F1xx_HAL_Driver/Src/stm32f1xx_hal_rcc.o
                                      0x7afc5 (size before relaxing)
 .debug_str     0x000000000007d24c       0x58 ./RTE/Src/RTE.o
                                      0x7b18d (size before relaxing)

.comment        0x0000000000000000       0x50
 .comment       0x0000000000000000       0x50 ./ASW/APPs/Src/main.o
                                         0x51 (size before relaxing)
 .comment       0x0000000000000050       0x51 ./ASW/DE/Src/BUTTON_Proxy.o
 .comment       0x0000000000000050       0x51 ./ASW/DE/Src/BUTTON_Singleton_Sample.o
 .comment       0x0000000000000050       0x51 ./ASW/DE/Src/LED_Proxy.o
 .comment       0x0000000000000050       0x51 ./ASW/DE/Src/LED_Singleton_Sample.o
 .comment       0x0000000000000050       0x51 ./ASW/DE/Src/RobotArmManager.o
 .comment       0x0000000000000050       0x51 ./ASW/DE/Src/RotatingArmJoint.o
 .comment       0x0000000000000050       0x51 ./BSW/Src/BSW_DIO.o
 .comment       0x0000000000000050       0x51 ./Core/Src/ECU_Config.o
 .comment       0x0000000000000050       0x51 ./Core/Src/stm32f1xx_hal_msp.o
 .comment       0x0000000000000050       0x51 ./Core/Src/stm32f1xx_it.o
 .comment       0x0000000000000050       0x51 ./Core/Src/system_stm32f1xx.o
 .comment       0x0000000000000050       0x51 ./Drivers/STM32F1xx_HAL_Driver/Src/stm32f1xx_hal.o
 .comment       0x0000000000000050       0x51 ./Drivers/STM32F1xx_HAL_Driver/Src/stm32f1xx_hal_cortex.o
 .comment       0x0000000000000050       0x51 ./Drivers/STM32F1xx_HAL_Driver/Src/stm32f1xx_hal_gpio.o
 .comment       0x0000000000000050       0x51 ./Drivers/STM32F1xx_HAL_Driver/Src/stm32f1xx_hal_rcc.o
 .comment       0x0000000000000050       0x51 ./RTE/Src/RTE.o

.debug_frame    0x0000000000000000     0x1994
 .debug_frame   0x0000000000000000       0x34 ./ASW/APPs/Src/main.o
 .debug_frame   0x0000000000000034       0xd4 ./ASW/DE/Src/BUTTON_Proxy.o
 .debug_frame   0x0000000000000108       0xf8 ./ASW/DE/Src/BUTTON_Singleton_Sample.o
 .debug_frame   0x0000000000000200       0xd0 ./ASW/DE/Src/LED_Proxy.o
 .debug_frame   0x00000000000002d0       0xf8 ./ASW/DE/Src/LED_Singleton_Sample.o
 .debug_frame   0x00000000000003c8      0x2d8 ./ASW/DE/Src/RobotArmManager.o
 .debug_frame   0x00000000000006a0      0x1a4 ./ASW/DE/Src/RotatingArmJoint.o
 .debug_frame   0x0000000000000844       0xa0 ./BSW/Src/BSW_DIO.o
 .debug_frame   0x00000000000008e4       0x8c ./Core/Src/ECU_Config.o
 .debug_frame   0x0000000000000970       0x38 ./Core/Src/stm32f1xx_hal_msp.o
 .debug_frame   0x00000000000009a8      0x104 ./Core/Src/stm32f1xx_it.o
 .debug_frame   0x0000000000000aac       0x58 ./Core/Src/system_stm32f1xx.o
 .debug_frame   0x0000000000000b04      0x334 ./Drivers/STM32F1xx_HAL_Driver/Src/stm32f1xx_hal.o
 .debug_frame   0x0000000000000e38      0x428 ./Drivers/STM32F1xx_HAL_Driver/Src/stm32f1xx_hal_cortex.o
 .debug_frame   0x0000000000001260      0x14c ./Drivers/STM32F1xx_HAL_Driver/Src/stm32f1xx_hal_gpio.o
 .debug_frame   0x00000000000013ac      0x218 ./Drivers/STM32F1xx_HAL_Driver/Src/stm32f1xx_hal_rcc.o
 .debug_frame   0x00000000000015c4       0x90 ./RTE/Src/RTE.o
 .debug_frame   0x0000000000001654       0x20 c:/st/stm32cubeide_1.12.0/stm32cubeide/plugins/com.st.stm32cube.ide.mcu.externaltools.gnu-tools-for-stm32.10.3-2021.10.win32_1.0.200.202301161003/tools/bin/../lib/gcc/arm-none-eabi/10.3.1/../../../../arm-none-eabi/lib/thumb/v7-m/nofp\libstdc++_nano.a(del_ops.o)
 .debug_frame   0x0000000000001674       0x20 c:/st/stm32cubeide_1.12.0/stm32cubeide/plugins/com.st.stm32cube.ide.mcu.externaltools.gnu-tools-for-stm32.10.3-2021.10.win32_1.0.200.202301161003/tools/bin/../lib/gcc/arm-none-eabi/10.3.1/../../../../arm-none-eabi/lib/thumb/v7-m/nofp\libstdc++_nano.a(del_op.o)
 .debug_frame   0x0000000000001694       0x2c c:/st/stm32cubeide_1.12.0/stm32cubeide/plugins/com.st.stm32cube.ide.mcu.externaltools.gnu-tools-for-stm32.10.3-2021.10.win32_1.0.200.202301161003/tools/bin/../lib/gcc/arm-none-eabi/10.3.1/../../../../arm-none-eabi/lib/thumb/v7-m/nofp\libc_nano.a(lib_a-init.o)
 .debug_frame   0x00000000000016c0       0x30 c:/st/stm32cubeide_1.12.0/stm32cubeide/plugins/com.st.stm32cube.ide.mcu.externaltools.gnu-tools-for-stm32.10.3-2021.10.win32_1.0.200.202301161003/tools/bin/../lib/gcc/arm-none-eabi/10.3.1/../../../../arm-none-eabi/lib/thumb/v7-m/nofp\libc_nano.a(lib_a-malloc.o)
 .debug_frame   0x00000000000016f0       0x20 c:/st/stm32cubeide_1.12.0/stm32cubeide/plugins/com.st.stm32cube.ide.mcu.externaltools.gnu-tools-for-stm32.10.3-2021.10.win32_1.0.200.202301161003/tools/bin/../lib/gcc/arm-none-eabi/10.3.1/../../../../arm-none-eabi/lib/thumb/v7-m/nofp\libc_nano.a(lib_a-memset.o)
 .debug_frame   0x0000000000001710       0x38 c:/st/stm32cubeide_1.12.0/stm32cubeide/plugins/com.st.stm32cube.ide.mcu.externaltools.gnu-tools-for-stm32.10.3-2021.10.win32_1.0.200.202301161003/tools/bin/../lib/gcc/arm-none-eabi/10.3.1/../../../../arm-none-eabi/lib/thumb/v7-m/nofp\libc_nano.a(lib_a-nano-freer.o)
 .debug_frame   0x0000000000001748       0x4c c:/st/stm32cubeide_1.12.0/stm32cubeide/plugins/com.st.stm32cube.ide.mcu.externaltools.gnu-tools-for-stm32.10.3-2021.10.win32_1.0.200.202301161003/tools/bin/../lib/gcc/arm-none-eabi/10.3.1/../../../../arm-none-eabi/lib/thumb/v7-m/nofp\libc_nano.a(lib_a-nano-mallocr.o)
 .debug_frame   0x0000000000001794       0x30 c:/st/stm32cubeide_1.12.0/stm32cubeide/plugins/com.st.stm32cube.ide.mcu.externaltools.gnu-tools-for-stm32.10.3-2021.10.win32_1.0.200.202301161003/tools/bin/../lib/gcc/arm-none-eabi/10.3.1/../../../../arm-none-eabi/lib/thumb/v7-m/nofp\libc_nano.a(lib_a-mlock.o)
 .debug_frame   0x00000000000017c4       0xb0 c:/st/stm32cubeide_1.12.0/stm32cubeide/plugins/com.st.stm32cube.ide.mcu.externaltools.gnu-tools-for-stm32.10.3-2021.10.win32_1.0.200.202301161003/tools/bin/../lib/gcc/arm-none-eabi/10.3.1/../../../../arm-none-eabi/lib/thumb/v7-m/nofp\libc_nano.a(lib_a-lock.o)
 .debug_frame   0x0000000000001874       0xac c:/st/stm32cubeide_1.12.0/stm32cubeide/plugins/com.st.stm32cube.ide.mcu.externaltools.gnu-tools-for-stm32.10.3-2021.10.win32_1.0.200.202301161003/tools/bin/../lib/gcc/arm-none-eabi/10.3.1/thumb/v7-m/nofp\libgcc.a(_arm_addsubdf3.o)
 .debug_frame   0x0000000000001920       0x50 c:/st/stm32cubeide_1.12.0/stm32cubeide/plugins/com.st.stm32cube.ide.mcu.externaltools.gnu-tools-for-stm32.10.3-2021.10.win32_1.0.200.202301161003/tools/bin/../lib/gcc/arm-none-eabi/10.3.1/thumb/v7-m/nofp\libgcc.a(_arm_muldivdf3.o)
 .debug_frame   0x0000000000001970       0x24 c:/st/stm32cubeide_1.12.0/stm32cubeide/plugins/com.st.stm32cube.ide.mcu.externaltools.gnu-tools-for-stm32.10.3-2021.10.win32_1.0.200.202301161003/tools/bin/../lib/gcc/arm-none-eabi/10.3.1/thumb/v7-m/nofp\libgcc.a(_arm_fixdfsi.o)
